// Jest Snapshot v1, https://goo.gl/fbAQLP

exports[`AddProperty renders component correctly 1`] = `
<DocumentFragment>
  <div
    class="add-property"
  >
    <h2
      class="add-property-subheading"
    >
      Add Property
    </h2>
    <form
      class="add-property-form"
    >
      <label
        for="title"
      >
        Title
        <input
          class="add-property-form-input"
          id="title"
          name="title"
          placeholder="Property tagline"
          type="text"
          value=""
        />
      </label>
      <label
        for="bedrooms"
      >
        Bedrooms
        <input
          class="add-property-form-input"
          id="bedrooms"
          name="bedrooms"
          placeholder="Number of bedrooms"
          step="1"
          type="number"
          value=""
        />
      </label>
      <label
        for="bathrooms"
      >
        Bathrooms
        <input
          class="add-property-form-input"
          id="bathrooms"
          name="bathrooms"
          placeholder="Number of bathrooms"
          step="1"
          type="number"
          value=""
        />
      </label>
      <label
        for="price"
      >
        Price (Â£)
        <input
          class="add-property-form-input"
          id="price"
          min="0.00"
          name="price"
          placeholder="e.g. 100,000"
          step="250"
          type="number"
          value=""
        />
      </label>
      <label
        for="email"
      >
        Email
        <input
          class="add-property-form-input"
          id="email"
          name="email"
          placeholder="name12@example.com"
          type="email"
          value=""
        />
      </label>
      <label
        for="city"
      >
        City
        <select
          class="add-property-form-select"
          id="city"
          name="city"
        >
          <option
            value="Manchester"
          >
            Manchester
          </option>
          <option
            value="Leeds"
          >
            Leeds
          </option>
          <option
            value="Sheffield"
          >
            Sheffield
          </option>
          <option
            value="Liverpool"
          >
            Liverpool
          </option>
        </select>
      </label>
      <label
        for="type"
      >
        Type
        <select
          class="add-property-form-select"
          id="type"
          name="type"
        >
          <option
            value="Detached"
          >
            Detached
          </option>
          <option
            value="Semi-Detached"
          >
            Semi-detached
          </option>
          <option
            value="Terraced"
          >
            Terraced
          </option>
          <option
            value="End of Terrace"
          >
            End of Terrace
          </option>
          <option
            value="Cottage"
          >
            Cottage
          </option>
          <option
            value="Flat"
          >
            Flat
          </option>
          <option
            value="Bungalow"
          >
            Bungalow
          </option>
        </select>
      </label>
      <button
        type="submit"
      >
        Add
      </button>
    </form>
  </div>
</DocumentFragment>
`;
