// Jest Snapshot v1, https://goo.gl/fbAQLP

exports[`App renders components correctly 1`] = `
<DocumentFragment>
  <div
    class="App"
  >
    <div
      class="navbar"
    >
      <img
        alt="Surreal Estate logo"
        class="navbar-logo"
        src="https://mcrcodes.s3.eu-west-2.amazonaws.com/course/surreal-estate/logo.png"
      />
      <ul
        class="navbar-links"
      >
        <li
          class="navbar-links-item"
        >
          <a
            class="navbar-links-item"
            href="/"
          >
            View Properties
          </a>
        </li>
        <li
          class="navbar-links-item"
        >
          <a
            class="navbar-links-item"
            href="/add-property"
          >
            Add a Property
          </a>
        </li>
      </ul>
    </div>
    <div>
      Properties Page
    </div>
  </div>
</DocumentFragment>
`;
