// Jest Snapshot v1, https://goo.gl/fbAQLP

exports[`NavBar renders component correctly 1`] = `
<DocumentFragment>
  <div
    class="navbar"
  >
    <img
      alt="Surreal Estate logo"
      class="navbar-logo"
      src="https://mcrcodes.s3.eu-west-2.amazonaws.com/course/surreal-estate/logo.png"
    />
    <ul
      class="navbar-links"
    >
      <li
        class="navbar-links-item"
      >
        <a
          class="navbar-links-item"
          href="/"
        >
          View Properties
        </a>
      </li>
      <li
        class="navbar-links-item"
      >
        <a
          class="navbar-links-item"
          href="/add-property"
        >
          Add a Property
        </a>
      </li>
    </ul>
    <button
      class="navbar-signout"
      type="submit"
    >
      Sign out
    </button>
  </div>
</DocumentFragment>
`;
