// Jest Snapshot v1, https://goo.gl/fbAQLP

exports[`Sidebar renders components correctly 1`] = `
<DocumentFragment>
  <div
    class="sidebar"
  >
    <form
      class="sidebar-search"
    >
      <input
        class="sidebar-search-input"
        type="text"
        value=""
      />
      <button
        class="sidebar-search-button"
        type="submit"
      >
        <img
          alt="search icon"
          class="search-icon"
          src="https://cdn-icons-png.flaticon.com/128/3308/3308543.png"
        />
      </button>
    </form>
    <h3
      class="sidebar-heading"
    >
      Filter by city
    </h3>
    <ul
      class="sidebar-links"
    >
      <li>
        <a
          class="sidebar-links-item"
          href="/?query={\\"city\\":\\"Manchester\\"}"
        >
          Manchester
        </a>
      </li>
      <li>
        <a
          class="sidebar-links-item"
          href="/?query={\\"city\\":\\"Leeds\\"}"
        >
          Leeds
        </a>
      </li>
      <li>
        <a
          class="sidebar-links-item"
          href="/?query={\\"city\\":\\"Sheffield\\"}"
        >
          Sheffield
        </a>
      </li>
      <li>
        <a
          class="sidebar-links-item"
          href="/?query={\\"city\\":\\"Liverpool\\"}"
        >
          Liverpool
        </a>
      </li>
    </ul>
    <h3
      class="sidebar-heading"
    >
      Sort By
    </h3>
    <ul
      class="sidebar-links"
    >
      <li>
        <a
          class="sidebar-links-item"
          href="/?sort={\\"price\\":1}"
        >
          Price ascending
        </a>
      </li>
      <li>
        <a
          class="sidebar-links-item"
          href="/?sort={\\"price\\":-1}"
        >
          Price descending
        </a>
      </li>
    </ul>
  </div>
</DocumentFragment>
`;
